ninja: Entering directory `c:\appcrap\Antigravity\Tecleados-ESP-Firmware\build'
[0/1] Re-running CMake...
CMake Error at CMakeLists.txt:5 (include):
  include could not find requested file:

    /tools/cmake/project.cmake


CMake Error at build/toolchain/toolchain-esp32s3.cmake:2 (include):
  include could not find requested file:

    /tools/cmake/toolchain.cmake
Call Stack (most recent call first):
  build/CMakeFiles/4.0.3/CMakeSystem.cmake:6 (include)
  CMakeLists.txt:8 (project)


-- Configuring incomplete, errors occurred!
FAILED: build.ninja C:/appcrap/Antigravity/Tecleados-ESP-Firmware/build/cmake_install.cmake C:/appcrap/Antigravity/Tecleados-ESP-Firmware/build/esp-idf/cmake_install.cmake C:/appcrap/Antigravity/Tecleados-ESP-Firmware/build/esp-idf/xtensa/cmake_install.cmake C:/appcrap/Antigravity/Tecleados-ESP-Firmware/build/esp-idf/esp_stdio/cmake_install.cmake C:/appcrap/Antigravity/Tecleados-ESP-Firmware/build/esp-idf/esp_hal_dma/cmake_install.cmake C:/appcrap/Antigravity/Tecleados-ESP-Firmware/build/esp-idf/esp_hal_gpspi/cmake_install.cmake C:/appcrap/Antigravity/Tecleados-ESP-Firmware/build/esp-idf/esp_hal_clock/cmake_install.cmake C:/appcrap/Antigravity/Tecleados-ESP-Firmware/build/esp-idf/esp_hal_mspi/cmake_install.cmake C:/appcrap/Antigravity/Tecleados-ESP-Firmware/build/esp-idf/esp_blockdev/cmake_install.cmake C:/appcrap/Antigravity/Tecleados-ESP-Firmware/build/esp-idf/esp_hal_security/cmake_install.cmake C:/appcrap/Antigravity/Tecleados-ESP-Firmware/build/esp-idf/bootloader/cmake_install.cmake C:/appcrap/Antigravity/Tecleados-ESP-Firmware/build/esp-idf/esptool_py/cmake_install.cmake C:/appcrap/Antigravity/Tecleados-ESP-Firmware/build/esp-idf/partition_table/cmake_install.cmake C:/appcrap/Antigravity/Tecleados-ESP-Firmware/build/esp-idf/esp_app_format/cmake_install.cmake C:/appcrap/Antigravity/Tecleados-ESP-Firmware/build/esp-idf/esp_bootloader_format/cmake_install.cmake C:/appcrap/Antigravity/Tecleados-ESP-Firmware/build/esp-idf/app_update/cmake_install.cmake C:/appcrap/Antigravity/Tecleados-ESP-Firmware/build/esp-idf/esp_partition/cmake_install.cmake C:/appcrap/Antigravity/Tecleados-ESP-Firmware/build/esp-idf/efuse/cmake_install.cmake C:/appcrap/Antigravity/Tecleados-ESP-Firmware/build/esp-idf/esp_security/cmake_install.cmake C:/appcrap/Antigravity/Tecleados-ESP-Firmware/build/esp-idf/esp_driver_gpio/cmake_install.cmake C:/appcrap/Antigravity/Tecleados-ESP-Firmware/build/esp-idf/esp_hal_uart/cmake_install.cmake C:/appcrap/Antigravity/Tecleados-ESP-Firmware/build/esp-idf/esp_pm/cmake_install.cmake C:/appcrap/Antigravity/Tecleados-ESP-Firmware/build/esp-idf/esp_mm/cmake_install.cmake C:/appcrap/Antigravity/Tecleados-ESP-Firmware/build/esp-idf/esp_driver_dma/cmake_install.cmake C:/appcrap/Antigravity/Tecleados-ESP-Firmware/build/esp-idf/mbedtls/cmake_install.cmake C:/appcrap/Antigravity/Tecleados-ESP-Firmware/build/esp-idf/mbedtls/mbedtls/cmake_install.cmake C:/appcrap/Antigravity/Tecleados-ESP-Firmware/build/esp-idf/mbedtls/mbedtls/include/cmake_install.cmake C:/appcrap/Antigravity/Tecleados-ESP-Firmware/build/esp-idf/mbedtls/mbedtls/tf-psa-crypto/cmake_install.cmake C:/appcrap/Antigravity/Tecleados-ESP-Firmware/build/esp-idf/mbedtls/mbedtls/tf-psa-crypto/include/cmake_install.cmake C:/appcrap/Antigravity/Tecleados-ESP-Firmware/build/esp-idf/mbedtls/mbedtls/tf-psa-crypto/drivers/cmake_install.cmake C:/appcrap/Antigravity/Tecleados-ESP-Firmware/build/esp-idf/mbedtls/mbedtls/tf-psa-crypto/drivers/everest/cmake_install.cmake C:/appcrap/Antigravity/Tecleados-ESP-Firmware/build/esp-idf/mbedtls/mbedtls/tf-psa-crypto/drivers/p256-m/cmake_install.cmake C:/appcrap/Antigravity/Tecleados-ESP-Firmware/build/esp-idf/mbedtls/mbedtls/tf-psa-crypto/drivers/builtin/cmake_install.cmake C:/appcrap/Antigravity/Tecleados-ESP-Firmware/build/esp-idf/mbedtls/mbedtls/tf-psa-crypto/drivers/pqcp/cmake_install.cmake C:/appcrap/Antigravity/Tecleados-ESP-Firmware/build/esp-idf/mbedtls/mbedtls/tf-psa-crypto/extras/cmake_install.cmake C:/appcrap/Antigravity/Tecleados-ESP-Firmware/build/esp-idf/mbedtls/mbedtls/tf-psa-crypto/platform/cmake_install.cmake C:/appcrap/Antigravity/Tecleados-ESP-Firmware/build/esp-idf/mbedtls/mbedtls/tf-psa-crypto/utilities/cmake_install.cmake C:/appcrap/Antigravity/Tecleados-ESP-Firmware/build/esp-idf/mbedtls/mbedtls/tf-psa-crypto/core/cmake_install.cmake C:/appcrap/Antigravity/Tecleados-ESP-Firmware/build/esp-idf/mbedtls/mbedtls/tf-psa-crypto/pkgconfig/cmake_install.cmake C:/appcrap/Antigravity/Tecleados-ESP-Firmware/build/esp-idf/mbedtls/mbedtls/library/cmake_install.cmake C:/appcrap/Antigravity/Tecleados-ESP-Firmware/build/esp-idf/mbedtls/mbedtls/pkgconfig/cmake_install.cmake C:/appcrap/Antigravity/Tecleados-ESP-Firmware/build/esp-idf/esp_hal_timg/cmake_install.cmake C:/appcrap/Antigravity/Tecleados-ESP-Firmware/build/esp-idf/esp_hal_wdt/cmake_install.cmake C:/appcrap/Antigravity/Tecleados-ESP-Firmware/build/esp-idf/esp_hal_ana_conv/cmake_install.cmake C:/appcrap/Antigravity/Tecleados-ESP-Firmware/build/esp-idf/esp_hal_rtc_timer/cmake_install.cmake C:/appcrap/Antigravity/Tecleados-ESP-Firmware/build/esp-idf/bootloader_support/cmake_install.cmake C:/appcrap/Antigravity/Tecleados-ESP-Firmware/build/esp-idf/spi_flash/cmake_install.cmake C:/appcrap/Antigravity/Tecleados-ESP-Firmware/build/esp-idf/esp_usb_cdc_rom_console/cmake_install.cmake C:/appcrap/Antigravity/Tecleados-ESP-Firmware/build/esp-idf/esp_system/cmake_install.cmake C:/appcrap/Antigravity/Tecleados-ESP-Firmware/build/esp-idf/esp_system/port/cmake_install.cmake C:/appcrap/Antigravity/Tecleados-ESP-Firmware/build/esp-idf/esp_system/port/soc/esp32s3/cmake_install.cmake C:/appcrap/Antigravity/Tecleados-ESP-Firmware/build/esp-idf/esp_common/cmake_install.cmake C:/appcrap/Antigravity/Tecleados-ESP-Firmware/build/esp-idf/esp_rom/cmake_install.cmake C:/appcrap/Antigravity/Tecleados-ESP-Firmware/build/esp-idf/hal/cmake_install.cmake C:/appcrap/Antigravity/Tecleados-ESP-Firmware/build/esp-idf/log/cmake_install.cmake C:/appcrap/Antigravity/Tecleados-ESP-Firmware/build/esp-idf/heap/cmake_install.cmake C:/appcrap/Antigravity/Tecleados-ESP-Firmware/build/esp-idf/soc/cmake_install.cmake C:/appcrap/Antigravity/Tecleados-ESP-Firmware/build/esp-idf/esp_hal_gpio/cmake_install.cmake C:/appcrap/Antigravity/Tecleados-ESP-Firmware/build/esp-idf/esp_hal_usb/cmake_install.cmake C:/appcrap/Antigravity/Tecleados-ESP-Firmware/build/esp-idf/esp_hal_pmu/cmake_install.cmake C:/appcrap/Antigravity/Tecleados-ESP-Firmware/build/esp-idf/esp_hal_touch_sens/cmake_install.cmake C:/appcrap/Antigravity/Tecleados-ESP-Firmware/build/esp-idf/esp_hal_i2s/cmake_install.cmake C:/appcrap/Antigravity/Tecleados-ESP-Firmware/build/esp-idf/esp_hw_support/cmake_install.cmake C:/appcrap/Antigravity/Tecleados-ESP-Firmware/build/esp-idf/esp_hw_support/port/esp32s3/cmake_install.cmake C:/appcrap/Antigravity/Tecleados-ESP-Firmware/build/esp-idf/esp_hw_support/mspi_timing_tuning/port/esp32s3/cmake_install.cmake C:/appcrap/Antigravity/Tecleados-ESP-Firmware/build/esp-idf/esp_hw_support/lowpower/cmake_install.cmake C:/appcrap/Antigravity/Tecleados-ESP-Firmware/build/esp-idf/freertos/cmake_install.cmake C:/appcrap/Antigravity/Tecleados-ESP-Firmware/build/esp-idf/esp_libc/cmake_install.cmake C:/appcrap/Antigravity/Tecleados-ESP-Firmware/build/esp-idf/esp_libc/src/port/cmake_install.cmake C:/appcrap/Antigravity/Tecleados-ESP-Firmware/build/esp-idf/pthread/cmake_install.cmake C:/appcrap/Antigravity/Tecleados-ESP-Firmware/build/esp-idf/cxx/cmake_install.cmake C:/appcrap/Antigravity/Tecleados-ESP-Firmware/build/esp-idf/esp_timer/cmake_install.cmake C:/appcrap/Antigravity/Tecleados-ESP-Firmware/build/esp-idf/esp_ringbuf/cmake_install.cmake C:/appcrap/Antigravity/Tecleados-ESP-Firmware/build/esp-idf/esp_psram/cmake_install.cmake C:/appcrap/Antigravity/Tecleados-ESP-Firmware/build/esp-idf/esp_psram/device/cmake_install.cmake C:/appcrap/Antigravity/Tecleados-ESP-Firmware/build/esp-idf/esp_psram/xip_impl/cmake_install.cmake C:/appcrap/Antigravity/Tecleados-ESP-Firmware/build/esp-idf/esp_driver_uart/cmake_install.cmake C:/appcrap/Antigravity/Tecleados-ESP-Firmware/build/esp-idf/esp_driver_gptimer/cmake_install.cmake C:/appcrap/Antigravity/Tecleados-ESP-Firmware/build/esp-idf/app_trace/cmake_install.cmake C:/appcrap/Antigravity/Tecleados-ESP-Firmware/build/esp-idf/esp_event/cmake_install.cmake C:/appcrap/Antigravity/Tecleados-ESP-Firmware/build/esp-idf/nvs_sec_provider/cmake_install.cmake C:/appcrap/Antigravity/Tecleados-ESP-Firmware/build/esp-idf/nvs_flash/cmake_install.cmake C:/appcrap/Antigravity/Tecleados-ESP-Firmware/build/esp-idf/esp_phy/cmake_install.cmake C:/appcrap/Antigravity/Tecleados-ESP-Firmware/build/esp-idf/esp_driver_usb_serial_jtag/cmake_install.cmake C:/appcrap/Antigravity/Tecleados-ESP-Firmware/build/esp-idf/vfs/cmake_install.cmake C:/appcrap/Antigravity/Tecleados-ESP-Firmware/build/esp-idf/lwip/cmake_install.cmake C:/appcrap/Antigravity/Tecleados-ESP-Firmware/build/esp-idf/esp_netif_stack/cmake_install.cmake C:/appcrap/Antigravity/Tecleados-ESP-Firmware/build/esp-idf/esp_netif/cmake_install.cmake C:/appcrap/Antigravity/Tecleados-ESP-Firmware/build/esp-idf/wpa_supplicant/cmake_install.cmake C:/appcrap/Antigravity/Tecleados-ESP-Firmware/build/esp-idf/esp_coex/cmake_install.cmake C:/appcrap/Antigravity/Tecleados-ESP-Firmware/build/esp-idf/esp_wifi/cmake_install.cmake C:/appcrap/Antigravity/Tecleados-ESP-Firmware/build/esp-idf/esp_driver_spi/cmake_install.cmake C:/appcrap/Antigravity/Tecleados-ESP-Firmware/build/esp-idf/esp_gdbstub/cmake_install.cmake C:/appcrap/Antigravity/Tecleados-ESP-Firmware/build/esp-idf/bt/cmake_install.cmake C:/appcrap/Antigravity/Tecleados-ESP-Firmware/build/esp-idf/bt/common/cmake_install.cmake C:/appcrap/Antigravity/Tecleados-ESP-Firmware/build/esp-idf/bt/controller/cmake_install.cmake C:/appcrap/Antigravity/Tecleados-ESP-Firmware/build/esp-idf/bt/host/bluedroid/cmake_install.cmake C:/appcrap/Antigravity/Tecleados-ESP-Firmware/build/esp-idf/bt/host/nimble/cmake_install.cmake C:/appcrap/Antigravity/Tecleados-ESP-Firmware/build/esp-idf/bt/esp_ble_mesh/cmake_install.cmake C:/appcrap/Antigravity/Tecleados-ESP-Firmware/build/esp-idf/unity/cmake_install.cmake C:/appcrap/Antigravity/Tecleados-ESP-Firmware/build/esp-idf/cmock/cmake_install.cmake C:/appcrap/Antigravity/Tecleados-ESP-Firmware/build/esp-idf/console/cmake_install.cmake C:/appcrap/Antigravity/Tecleados-ESP-Firmware/build/esp-idf/esp_hal_i2c/cmake_install.cmake C:/appcrap/Antigravity/Tecleados-ESP-Firmware/build/esp-idf/esp_hal_twai/cmake_install.cmake C:/appcrap/Antigravity/Tecleados-ESP-Firmware/build/esp-idf/driver/cmake_install.cmake C:/appcrap/Antigravity/Tecleados-ESP-Firmware/build/esp-idf/http_parser/cmake_install.cmake C:/appcrap/Antigravity/Tecleados-ESP-Firmware/build/esp-idf/esp-tls/cmake_install.cmake C:/appcrap/Antigravity/Tecleados-ESP-Firmware/build/esp-idf/esp_adc/cmake_install.cmake C:/appcrap/Antigravity/Tecleados-ESP-Firmware/build/esp-idf/esp_blockdev_util/cmake_install.cmake C:/appcrap/Antigravity/Tecleados-ESP-Firmware/build/esp-idf/esp_hal_ana_cmpr/cmake_install.cmake C:/appcrap/Antigravity/Tecleados-ESP-Firmware/build/esp-idf/esp_driver_ana_cmpr/cmake_install.cmake C:/appcrap/Antigravity/Tecleados-ESP-Firmware/build/esp-idf/esp_driver_bitscrambler/cmake_install.cmake C:/appcrap/Antigravity/Tecleados-ESP-Firmware/build/esp-idf/esp_hal_cam/cmake_install.cmake C:/appcrap/Antigravity/Tecleados-ESP-Firmware/build/esp-idf/esp_driver_isp/cmake_install.cmake C:/appcrap/Antigravity/Tecleados-ESP-Firmware/build/esp-idf/esp_driver_cam/cmake_install.cmake C:/appcrap/Antigravity/Tecleados-ESP-Firmware/build/esp-idf/esp_driver_dac/cmake_install.cmake C:/appcrap/Antigravity/Tecleados-ESP-Firmware/build/esp-idf/esp_driver_i2c/cmake_install.cmake C:/appcrap/Antigravity/Tecleados-ESP-Firmware/build/esp-idf/esp_driver_i2s/cmake_install.cmake C:/appcrap/Antigravity/Tecleados-ESP-Firmware/build/esp-idf/esp_driver_i3c/cmake_install.cmake C:/appcrap/Antigravity/Tecleados-ESP-Firmware/build/esp-idf/esp_hal_jpeg/cmake_install.cmake C:/appcrap/Antigravity/Tecleados-ESP-Firmware/build/esp-idf/esp_driver_jpeg/cmake_install.cmake C:/appcrap/Antigravity/Tecleados-ESP-Firmware/build/esp-idf/esp_hal_ledc/cmake_install.cmake C:/appcrap/Antigravity/Tecleados-ESP-Firmware/build/esp-idf/esp_driver_ledc/cmake_install.cmake C:/appcrap/Antigravity/Tecleados-ESP-Firmware/build/esp-idf/esp_hal_mcpwm/cmake_install.cmake C:/appcrap/Antigravity/Tecleados-ESP-Firmware/build/esp-idf/esp_driver_mcpwm/cmake_install.cmake C:/appcrap/Antigravity/Tecleados-ESP-Firmware/build/esp-idf/esp_hal_parlio/cmake_install.cmake C:/appcrap/Antigravity/Tecleados-ESP-Firmware/build/esp-idf/esp_driver_parlio/cmake_install.cmake C:/appcrap/Antigravity/Tecleados-ESP-Firmware/build/esp-idf/esp_hal_pcnt/cmake_install.cmake C:/appcrap/Antigravity/Tecleados-ESP-Firmware/build/esp-idf/esp_driver_pcnt/cmake_install.cmake C:/appcrap/Antigravity/Tecleados-ESP-Firmware/build/esp-idf/esp_hal_ppa/cmake_install.cmake C:/appcrap/Antigravity/Tecleados-ESP-Firmware/build/esp-idf/esp_driver_ppa/cmake_install.cmake C:/appcrap/Antigravity/Tecleados-ESP-Firmware/build/esp-idf/esp_hal_rmt/cmake_install.cmake C:/appcrap/Antigravity/Tecleados-ESP-Firmware/build/esp-idf/esp_driver_rmt/cmake_install.cmake C:/appcrap/Antigravity/Tecleados-ESP-Firmware/build/esp-idf/esp_hal_sd/cmake_install.cmake C:/appcrap/Antigravity/Tecleados-ESP-Firmware/build/esp-idf/sdmmc/cmake_install.cmake C:/appcrap/Antigravity/Tecleados-ESP-Firmware/build/esp-idf/esp_driver_sd_intf/cmake_install.cmake C:/appcrap/Antigravity/Tecleados-ESP-Firmware/build/esp-idf/esp_driver_sdio/cmake_install.cmake C:/appcrap/Antigravity/Tecleados-ESP-Firmware/build/esp-idf/esp_driver_sdm/cmake_install.cmake C:/appcrap/Antigravity/Tecleados-ESP-Firmware/build/esp-idf/esp_driver_sdmmc/cmake_install.cmake C:/appcrap/Antigravity/Tecleados-ESP-Firmware/build/esp-idf/esp_driver_sdspi/cmake_install.cmake C:/appcrap/Antigravity/Tecleados-ESP-Firmware/build/esp-idf/esp_driver_touch_sens/cmake_install.cmake C:/appcrap/Antigravity/Tecleados-ESP-Firmware/build/esp-idf/esp_driver_tsens/cmake_install.cmake C:/appcrap/Antigravity/Tecleados-ESP-Firmware/build/esp-idf/esp_driver_twai/cmake_install.cmake C:/appcrap/Antigravity/Tecleados-ESP-Firmware/build/esp-idf/esp_eth/cmake_install.cmake C:/appcrap/Antigravity/Tecleados-ESP-Firmware/build/esp-idf/esp_hal_ieee802154/cmake_install.cmake C:/appcrap/Antigravity/Tecleados-ESP-Firmware/build/esp-idf/esp_hal_lcd/cmake_install.cmake C:/appcrap/Antigravity/Tecleados-ESP-Firmware/build/esp-idf/esp_hid/cmake_install.cmake C:/appcrap/Antigravity/Tecleados-ESP-Firmware/build/esp-idf/tcp_transport/cmake_install.cmake C:/appcrap/Antigravity/Tecleados-ESP-Firmware/build/esp-idf/esp_http_client/cmake_install.cmake C:/appcrap/Antigravity/Tecleados-ESP-Firmware/build/esp-idf/esp_http_server/cmake_install.cmake C:/appcrap/Antigravity/Tecleados-ESP-Firmware/build/esp-idf/esp_https_ota/cmake_install.cmake C:/appcrap/Antigravity/Tecleados-ESP-Firmware/build/esp-idf/esp_https_server/cmake_install.cmake C:/appcrap/Antigravity/Tecleados-ESP-Firmware/build/esp-idf/esp_lcd/cmake_install.cmake C:/appcrap/Antigravity/Tecleados-ESP-Firmware/build/esp-idf/protobuf-c/cmake_install.cmake C:/appcrap/Antigravity/Tecleados-ESP-Firmware/build/esp-idf/protocomm/cmake_install.cmake C:/appcrap/Antigravity/Tecleados-ESP-Firmware/build/esp-idf/esp_local_ctrl/cmake_install.cmake C:/appcrap/Antigravity/Tecleados-ESP-Firmware/build/esp-idf/esp_trace/cmake_install.cmake C:/appcrap/Antigravity/Tecleados-ESP-Firmware/build/esp-idf/espcoredump/cmake_install.cmake C:/appcrap/Antigravity/Tecleados-ESP-Firmware/build/esp-idf/wear_levelling/cmake_install.cmake C:/appcrap/Antigravity/Tecleados-ESP-Firmware/build/esp-idf/fatfs/cmake_install.cmake C:/appcrap/Antigravity/Tecleados-ESP-Firmware/build/esp-idf/idf_test/cmake_install.cmake C:/appcrap/Antigravity/Tecleados-ESP-Firmware/build/esp-idf/ieee802154/cmake_install.cmake C:/appcrap/Antigravity/Tecleados-ESP-Firmware/build/esp-idf/openthread/cmake_install.cmake C:/appcrap/Antigravity/Tecleados-ESP-Firmware/build/esp-idf/perfmon/cmake_install.cmake C:/appcrap/Antigravity/Tecleados-ESP-Firmware/build/esp-idf/rt/cmake_install.cmake C:/appcrap/Antigravity/Tecleados-ESP-Firmware/build/esp-idf/spiffs/cmake_install.cmake C:/appcrap/Antigravity/Tecleados-ESP-Firmware/build/esp-idf/ulp/cmake_install.cmake C:/appcrap/Antigravity/Tecleados-ESP-Firmware/build/esp-idf/espressif__tinyusb/cmake_install.cmake C:/appcrap/Antigravity/Tecleados-ESP-Firmware/build/esp-idf/espressif__esp_tinyusb/cmake_install.cmake C:/appcrap/Antigravity/Tecleados-ESP-Firmware/build/esp-idf/comm_module/cmake_install.cmake C:/appcrap/Antigravity/Tecleados-ESP-Firmware/build/esp-idf/usb_module/cmake_install.cmake C:/appcrap/Antigravity/Tecleados-ESP-Firmware/build/esp-idf/event_bus/cmake_install.cmake C:/appcrap/Antigravity/Tecleados-ESP-Firmware/build/esp-idf/battery_module/cmake_install.cmake C:/appcrap/Antigravity/Tecleados-ESP-Firmware/build/esp-idf/ble_module/cmake_install.cmake C:/appcrap/Antigravity/Tecleados-ESP-Firmware/build/esp-idf/espressif__cjson/cmake_install.cmake C:/appcrap/Antigravity/Tecleados-ESP-Firmware/build/esp-idf/config_module/cmake_install.cmake C:/appcrap/Antigravity/Tecleados-ESP-Firmware/build/esp-idf/keyboard/cmake_install.cmake C:/appcrap/Antigravity/Tecleados-ESP-Firmware/build/esp-idf/button_module/cmake_install.cmake C:/appcrap/Antigravity/Tecleados-ESP-Firmware/build/esp-idf/espressif__led_strip/cmake_install.cmake C:/appcrap/Antigravity/Tecleados-ESP-Firmware/build/esp-idf/split/cmake_install.cmake C:/appcrap/Antigravity/Tecleados-ESP-Firmware/build/esp-idf/rgb_module/cmake_install.cmake C:/appcrap/Antigravity/Tecleados-ESP-Firmware/build/esp-idf/status_module/cmake_install.cmake C:/appcrap/Antigravity/Tecleados-ESP-Firmware/build/esp-idf/espressif__cmake_utilities/cmake_install.cmake C:/appcrap/Antigravity/Tecleados-ESP-Firmware/build/esp-idf/espressif__button/cmake_install.cmake C:/appcrap/Antigravity/Tecleados-ESP-Firmware/build/esp-idf/lvgl__lvgl/cmake_install.cmake C:/appcrap/Antigravity/Tecleados-ESP-Firmware/build/esp-idf/espressif__esp_lvgl_port/cmake_install.cmake C:/appcrap/Antigravity/Tecleados-ESP-Firmware/build/esp-idf/espressif__usb/cmake_install.cmake C:/appcrap/Antigravity/Tecleados-ESP-Firmware/build/esp-idf/espressif__esp32_s3_usb_otg/cmake_install.cmake C:/appcraninja: error: rebuilding 'build.ninja': subcommand failed
p/Antigravity/Tecleados-ESP-Firmware/build/esp-idf/main/cmake_install.cmake 
C:\Espressif\tools\cmake\4.0.3\bin\cmake.exe --regenerate-during-build -SC:\appcrap\Antigravity\Tecleados-ESP-Firmware -BC:\appcrap\Antigravity\Tecleados-ESP-Firmware\build
